<?xml version="1.0" encoding="UTF-8"?>
<testsuites name="jest tests" tests="9" failures="0" time="4.342">
  <testsuite name="Icon" errors="0" failures="0" skipped="0" timestamp="2021-12-16T09:02:40" time="2.885" tests="2">
    <testcase classname="Icon 是一个svg图标" name="Icon 是一个svg图标" time="0.009">
    </testcase>
    <testcase classname="Icon 点击icon" name="Icon 点击icon" time="0.026">
    </testcase>
  </testsuite>
  <testsuite name="classes" errors="0" failures="0" skipped="0" timestamp="2021-12-16T09:02:43" time="0.425" tests="5">
    <testcase classname="classes 接受 1 个 className" name="classes 接受 1 个 className" time="0.001">
    </testcase>
    <testcase classname="classes 接受 2 个 className" name="classes 接受 2 个 className" time="0">
    </testcase>
    <testcase classname="classes 接受 undefined 结果不会出现 undefined" name="classes 接受 undefined 结果不会出现 undefined" time="0">
    </testcase>
    <testcase classname="classes 接受各种奇怪值" name="classes 接受各种奇怪值" time="0">
    </testcase>
    <testcase classname="classes 接受 0 个参数" name="classes 接受 0 个参数" time="0">
    </testcase>
  </testsuite>
  <testsuite name="button" errors="0" failures="0" skipped="0" timestamp="2021-12-16T09:02:44" time="0.152" tests="1">
    <testcase classname="button 是个div" name="button 是个div" time="0.002">
    </testcase>
  </testsuite>
  <testsuite name="我的第一个测试用例" errors="0" failures="0" skipped="0" timestamp="2021-12-16T09:02:44" time="0.109" tests="1">
    <testcase classname="我的第一个测试用例 add(1,2) 等于3" name="我的第一个测试用例 add(1,2) 等于3" time="0">
    </testcase>
  </testsuite>
</testsuites>